
> dev
> vite


  [32m[1mVITE[22m v8.3.1[39m  [2mready in [0m[1m1175[22m[2m[0m ms[22m

  [32m➜[39m  [1mLocal[22m:   [36mhttp://localhost:[1m5173[22m/[39m
[2m  [32m➜[39m  [1mNetwork[22m[2m: use [22m[1m--host[22m[2m to expose[22m
[2m[32m  ➜[39m[22m[2m  press [22m[1mh + enter[22m[2m to show help[22m
[2m10:39:50 am[22m [36m[1m[vite][22m[39m [90m[2m(client)[22m[39m [optimizer] bundling dependencies...
[2m10:43:12 am[22m [31m[1m[vite][22m[39m [31m[2m(client)[22m[39m [2m[console.error] [22mEach child in a list should have a unique "key" prop.

Check the render method of `section`. It was passed a child from Workbench. See https://react.dev/link/warning-keys for more information.
[2m10:47:16 am[22m [31m[1m[vite][22m[39m [31m[2m(client)[22m[39m [2m[console.error] [22mEach child in a list should have a unique "key" prop.

Check the render method of `AgentsPage`. See https://react.dev/link/warning-keys for more information.
[2m10:47:22 am[22m [31m[1m[vite][22m[39m [31m[2m(client)[22m[39m [2m[console.error] [22mEach child in a list should have a unique "key" prop.

Check the render method of `TasksPage`. See https://react.dev/link/warning-keys for more information.
[2m10:47:30 am[22m [31m[1m[vite][22m[39m [31m[2m(client)[22m[39m [2m[console.error] [22museEffect must not return anything besides a function, which is used for clean-up.

It looks like you wrote useEffect(async () => ...) or returned a Promise. Instead, write the async function inside your effect and call it immediately:

useEffect(() => {
  async function fetchData() {
    // You can await here
    const response = await MyAPI.getData(someId);
    // ...
  }
  fetchData();
}, [someId]); // Or [] if effect doesn't need props or state

Learn more about data fetching with Hooks: https://react.dev/link/hooks-data-fetching
[2m10:47:44 am[22m [31m[1m[vite][22m[39m [31m[2m(client)[22m[39m [31m[Unhandled error] [1mTypeError[22m: destroy is not a function
[39m > Object.react_stack_bottom_frame node_modules/react-dom/cjs/react-dom-client.development.js:28668:12
 > runWithFiberInDEV node_modules/react-dom/cjs/react-dom-client.development.js:1045:29
 > commitHookEffectListUnmount node_modules/react-dom/cjs/react-dom-client.development.js:13815:16
 > commitHookPassiveUnmountEffects node_modules/react-dom/cjs/react-dom-client.development.js:13846:10
 > commitPassiveUnmountEffectsInsideOfDeletedTree_begin node_modules/react-dom/cjs/react-dom-client.development.js:17754:12
 > recursivelyTraversePassiveUnmountEffects node_modules/react-dom/cjs/react-dom-client.development.js:17575:12
 > commitPassiveUnmountOnFiber node_modules/react-dom/cjs/react-dom-client.development.js:17649:10
 > recursivelyTraversePassiveUnmountEffects node_modules/react-dom/cjs/react-dom-client.development.js:17595:10
 > commitPassiveUnmountOnFiber node_modules/react-dom/cjs/react-dom-client.development.js:17649:10
 > recursivelyTraversePassiveUnmountEffects node_modules/react-dom/cjs/react-dom-client.development.js:17595:10

[2m10:47:44 am[22m [33m[1m[vite][22m[39m [33m[2m(client)[22m[39m [2m[console.warn] [22mAn error occurred in the <Approvals> component.

Consider adding an error boundary to your tree to customize error handling behavior.
Visit https://react.dev/link/error-boundaries to learn more about error boundaries.

[2m10:49:15 am[22m [36m[1m[vite][22m[39m [90m[2m(client)[22m[39m [32mpage reload [39m[2msrc/main.jsx[22m
[2m10:49:37 am[22m [31m[1m[vite][22m[39m [31m[2m(client)[22m[39m [2m[console.error] [22mEach child in a list should have a unique "key" prop.

Check the render method of `section`. It was passed a child from Workbench. See https://react.dev/link/warning-keys for more information.
[2m10:50:11 am[22m [31m[1m[vite][22m[39m [31m[2m(client)[22m[39m [2m[console.error] [22mEach child in a list should have a unique "key" prop.

Check the render method of `AgentsPage`. See https://react.dev/link/warning-keys for more information.
[2m10:53:58 am[22m [36m[1m[vite][22m[39m [90m[2m(client)[22m[39m [32mhmr update [39m[2m/src/App.jsx, /src/styles.css[22m
[2m10:55:23 am[22m [36m[1m[vite][22m[39m [90m[2m(client)[22m[39m [32mhmr update [39m[2m/src/App.jsx, /src/styles.css[22m
[2m10:55:36 am[22m [36m[1m[vite][22m[39m [90m[2m(client)[22m[39m [32mhmr update [39m[2m/src/App.jsx, /src/styles.css[22m
[2m10:56:12 am[22m [36m[1m[vite][22m[39m [90m[2m(client)[22m[39m [32mpage reload [39m[2msrc/main.jsx[22m
[2m10:57:22 am[22m [36m[1m[vite][22m[39m [90m[2m(client)[22m[39m [32mhmr update [39m[2m/src/App.jsx, /src/styles.css[22m
[2m10:57:49 am[22m [36m[1m[vite][22m[39m [90m[2m(client)[22m[39m [32mhmr update [39m[2m/src/App.jsx, /src/styles.css[22m
[2m10:58:23 am[22m [36m[1m[vite][22m[39m [90m[2m(client)[22m[39m [32mpage reload [39m[2msrc/main.jsx[22m
[2m11:00:15 am[22m [36m[1m[vite][22m[39m [90m[2m(client)[22m[39m [32mhmr update [39m[2m/src/App.jsx, /src/styles.css[22m
[2m11:00:37 am[22m [36m[1m[vite][22m[39m [90m[2m(client)[22m[39m [32mhmr update [39m[2m/src/App.jsx, /src/styles.css[22m
[2m11:00:53 am[22m [36m[1m[vite][22m[39m [90m[2m(client)[22m[39m [32mhmr update [39m[2m/src/premium-polish.css, /src/styles.css[22m
[2m11:01:12 am[22m [36m[1m[vite][22m[39m [90m[2m(client)[22m[39m [32mhmr update [39m[2m/src/App.jsx, /src/styles.css[22m
[2m11:04:39 am[22m [36m[1m[vite][22m[39m [90m[2m(client)[22m[39m [32mhmr update [39m[2m/src/styles.css[22m
[2m11:05:22 am[22m [36m[1m[vite][22m[39m [90m[2m(client)[22m[39m [32mhmr update [39m[2m/src/premium-polish.css, /src/styles.css[22m
[2m11:06:05 am[22m [36m[1m[vite][22m[39m [90m[2m(client)[22m[39m [32mhmr update [39m[2m/src/enterprise.css, /src/styles.css[22m
[2m11:06:52 am[22m [36m[1m[vite][22m[39m [90m[2m(client)[22m[39m [32mhmr update [39m[2m/src/audit-settings.css, /src/styles.css[22m
[2m11:07:00 am[22m [36m[1m[vite][22m[39m [90m[2m(client)[22m[39m [32mhmr update [39m[2m/src/orchestration.css, /src/styles.css[22m
[2m11:09:22 am[22m [31m[1m[vite][22m[39m [31m[2m(client)[22m[39m [2m[console.error] [22mEach child in a list should have a unique "key" prop.

Check the render method of `AgentsPage`. See https://react.dev/link/warning-keys for more information.
[2m11:11:49 am[22m [36m[1m[vite][22m[39m [90m[2m(client)[22m[39m [32mpage reload [39m[2msrc/main.jsx[22m
[2m11:17:26 am[22m [36m[1m[vite][22m[39m [90m[2m(client)[22m[39m [32mhmr update [39m[2m/src/light-theme.css, /src/styles.css[22m
[2m11:32:15 am[22m [36m[1m[vite][22m[39m [90m[2m(client)[22m[39m [32mhmr update [39m[2m/src/light-theme.css, /src/styles.css[22m
[2m11:36:58 am[22m [36m[1m[vite][22m[39m [90m[2m(client)[22m[39m [32mhmr update [39m[2m/src/styles.css[22m
[2m11:37:02 am[22m [36m[1m[vite][22m[39m [90m[2m(client)[22m[39m [32mhmr update [39m[2m/src/styles.css[22m
[2m11:37:23 am[22m [31m[1m[vite][22m[39m [31m[2m(client)[22m[39m [2m[console.error] [22mEach child in a list should have a unique "key" prop.

Check the render method of `section`. It was passed a child from Workbench. See https://react.dev/link/warning-keys for more information.
[2m11:37:32 am[22m [31m[1m[vite][22m[39m [31m[2m(client)[22m[39m [2m[console.error] [22mEach child in a list should have a unique "key" prop.

Check the render method of `AgentsPage`. See https://react.dev/link/warning-keys for more information.
[2m11:37:33 am[22m [31m[1m[vite][22m[39m [31m[2m(client)[22m[39m [2m[console.error] [22mEach child in a list should have a unique "key" prop.

Check the render method of `TasksPage`. See https://react.dev/link/warning-keys for more information.
[2m11:37:35 am[22m [36m[1m[vite][22m[39m [90m[2m(client)[22m[39m [32mhmr update [39m[2m/src/styles.css[22m
[2m11:37:40 am[22m [31m[1m[vite][22m[39m [31m[2m(client)[22m[39m [2m[console.error] [22museEffect must not return anything besides a function, which is used for clean-up.

It looks like you wrote useEffect(async () => ...) or returned a Promise. Instead, write the async function inside your effect and call it immediately:

useEffect(() => {
  async function fetchData() {
    // You can await here
    const response = await MyAPI.getData(someId);
    // ...
  }
  fetchData();
}, [someId]); // Or [] if effect doesn't need props or state

Learn more about data fetching with Hooks: https://react.dev/link/hooks-data-fetching
[2m11:37:53 am[22m [31m[1m[vite][22m[39m [31m[2m(client)[22m[39m [31m[Unhandled error] [1mTypeError[22m: destroy is not a function
[39m > Object.react_stack_bottom_frame node_modules/react-dom/cjs/react-dom-client.development.js:28668:12
 > runWithFiberInDEV node_modules/react-dom/cjs/react-dom-client.development.js:1045:29
 > commitHookEffectListUnmount node_modules/react-dom/cjs/react-dom-client.development.js:13815:16
 > commitHookPassiveUnmountEffects node_modules/react-dom/cjs/react-dom-client.development.js:13846:10
 > commitPassiveUnmountEffectsInsideOfDeletedTree_begin node_modules/react-dom/cjs/react-dom-client.development.js:17754:12
 > recursivelyTraversePassiveUnmountEffects node_modules/react-dom/cjs/react-dom-client.development.js:17575:12
 > commitPassiveUnmountOnFiber node_modules/react-dom/cjs/react-dom-client.development.js:17649:10
 > recursivelyTraversePassiveUnmountEffects node_modules/react-dom/cjs/react-dom-client.development.js:17595:10
 > commitPassiveUnmountOnFiber node_modules/react-dom/cjs/react-dom-client.development.js:17649:10
 > recursivelyTraversePassiveUnmountEffects node_modules/react-dom/cjs/react-dom-client.development.js:17595:10

[2m11:37:53 am[22m [33m[1m[vite][22m[39m [33m[2m(client)[22m[39m [2m[console.warn] [22mAn error occurred in the <Approvals> component.

Consider adding an error boundary to your tree to customize error handling behavior.
Visit https://react.dev/link/error-boundaries to learn more about error boundaries.

[2m11:38:04 am[22m [31m[1m[vite][22m[39m [31m[2m(client)[22m[39m [2m[console.error] [22museEffect must not return anything besides a function, which is used for clean-up.

It looks like you wrote useEffect(async () => ...) or returned a Promise. Instead, write the async function inside your effect and call it immediately:

useEffect(() => {
  async function fetchData() {
    // You can await here
    const response = await MyAPI.getData(someId);
    // ...
  }
  fetchData();
}, [someId]); // Or [] if effect doesn't need props or state

Learn more about data fetching with Hooks: https://react.dev/link/hooks-data-fetching
[2m11:38:04 am[22m [31m[1m[vite][22m[39m [31m[2m(client)[22m[39m [2m[console.error] [22mEach child in a list should have a unique "key" prop.

Check the render method of `div`. It was passed a child from Approvals. See https://react.dev/link/warning-keys for more information.
[2m11:38:06 am[22m [31m[1m[vite][22m[39m [31m[2m(client)[22m[39m [31m[Unhandled error] [1mTypeError[22m: destroy is not a function
[39m > Object.react_stack_bottom_frame node_modules/react-dom/cjs/react-dom-client.development.js:28668:12
 > runWithFiberInDEV node_modules/react-dom/cjs/react-dom-client.development.js:1045:29
 > commitHookEffectListUnmount node_modules/react-dom/cjs/react-dom-client.development.js:13815:16
 > commitHookPassiveUnmountEffects node_modules/react-dom/cjs/react-dom-client.development.js:13846:10
 > commitPassiveUnmountEffectsInsideOfDeletedTree_begin node_modules/react-dom/cjs/react-dom-client.development.js:17754:12
 > recursivelyTraversePassiveUnmountEffects node_modules/react-dom/cjs/react-dom-client.development.js:17575:12
 > commitPassiveUnmountOnFiber node_modules/react-dom/cjs/react-dom-client.development.js:17649:10
 > recursivelyTraversePassiveUnmountEffects node_modules/react-dom/cjs/react-dom-client.development.js:17595:10
 > commitPassiveUnmountOnFiber node_modules/react-dom/cjs/react-dom-client.development.js:17649:10
 > recursivelyTraversePassiveUnmountEffects node_modules/react-dom/cjs/react-dom-client.development.js:17595:10

[2m11:38:06 am[22m [33m[1m[vite][22m[39m [33m[2m(client)[22m[39m [2m[console.warn] [22mAn error occurred in the <Approvals> component.

Consider adding an error boundary to your tree to customize error handling behavior.
Visit https://react.dev/link/error-boundaries to learn more about error boundaries.

[2m11:38:45 am[22m [31m[1m[vite][22m[39m [31m[2m(client)[22m[39m [2m[console.error] [22mEach child in a list should have a unique "key" prop.

Check the render method of `section`. It was passed a child from Workbench. See https://react.dev/link/warning-keys for more information.
[2m11:38:54 am[22m [31m[1m[vite][22m[39m [31m[2m(client)[22m[39m [2m[console.error] [22mEach child in a list should have a unique "key" prop.

Check the render method of `AgentsPage`. See https://react.dev/link/warning-keys for more information.
[2m11:39:01 am[22m [31m[1m[vite][22m[39m [31m[2m(client)[22m[39m [2m[console.error] [22mEach child in a list should have a unique "key" prop.

Check the render method of `TasksPage`. See https://react.dev/link/warning-keys for more information.
[2m11:39:15 am[22m [31m[1m[vite][22m[39m [31m[2m(client)[22m[39m [2m[console.error] [22museEffect must not return anything besides a function, which is used for clean-up.

It looks like you wrote useEffect(async () => ...) or returned a Promise. Instead, write the async function inside your effect and call it immediately:

useEffect(() => {
  async function fetchData() {
    // You can await here
    const response = await MyAPI.getData(someId);
    // ...
  }
  fetchData();
}, [someId]); // Or [] if effect doesn't need props or state

Learn more about data fetching with Hooks: https://react.dev/link/hooks-data-fetching
[2m11:45:27 am[22m [36m[1m[vite][22m[39m [90m[2m(client)[22m[39m [32mhmr update [39m[2m/src/styles.css[22m
[2m11:49:37 am[22m [31m[1m[vite][22m[39m [31m[2m(client)[22m[39m [2m[console.error] [22mEach child in a list should have a unique "key" prop.

Check the render method of `section`. It was passed a child from Workbench. See https://react.dev/link/warning-keys for more information.
[2m11:49:45 am[22m [31m[1m[vite][22m[39m [31m[2m(client)[22m[39m [2m[console.error] [22mEach child in a list should have a unique "key" prop.

Check the render method of `AgentsPage`. See https://react.dev/link/warning-keys for more information.
[2m11:49:53 am[22m [31m[1m[vite][22m[39m [31m[2m(client)[22m[39m [2m[console.error] [22mEach child in a list should have a unique "key" prop.

Check the render method of `TasksPage`. See https://react.dev/link/warning-keys for more information.
[2m11:49:58 am[22m [31m[1m[vite][22m[39m [31m[2m(client)[22m[39m [2m[console.error] [22museEffect must not return anything besides a function, which is used for clean-up.

It looks like you wrote useEffect(async () => ...) or returned a Promise. Instead, write the async function inside your effect and call it immediately:

useEffect(() => {
  async function fetchData() {
    // You can await here
    const response = await MyAPI.getData(someId);
    // ...
  }
  fetchData();
}, [someId]); // Or [] if effect doesn't need props or state

Learn more about data fetching with Hooks: https://react.dev/link/hooks-data-fetching
[2m11:49:59 am[22m [31m[1m[vite][22m[39m [31m[2m(client)[22m[39m [31m[Unhandled error] [1mTypeError[22m: destroy is not a function
[39m > Object.react_stack_bottom_frame node_modules/react-dom/cjs/react-dom-client.development.js:28668:12
 > runWithFiberInDEV node_modules/react-dom/cjs/react-dom-client.development.js:1045:29
 > commitHookEffectListUnmount node_modules/react-dom/cjs/react-dom-client.development.js:13815:16
 > commitHookPassiveUnmountEffects node_modules/react-dom/cjs/react-dom-client.development.js:13846:10
 > commitPassiveUnmountEffectsInsideOfDeletedTree_begin node_modules/react-dom/cjs/react-dom-client.development.js:17754:12
 > recursivelyTraversePassiveUnmountEffects node_modules/react-dom/cjs/react-dom-client.development.js:17575:12
 > commitPassiveUnmountOnFiber node_modules/react-dom/cjs/react-dom-client.development.js:17649:10
 > recursivelyTraversePassiveUnmountEffects node_modules/react-dom/cjs/react-dom-client.development.js:17595:10
 > commitPassiveUnmountOnFiber node_modules/react-dom/cjs/react-dom-client.development.js:17649:10
 > recursivelyTraversePassiveUnmountEffects node_modules/react-dom/cjs/react-dom-client.development.js:17595:10

[2m11:49:59 am[22m [33m[1m[vite][22m[39m [33m[2m(client)[22m[39m [2m[console.warn] [22mAn error occurred in the <Approvals> component.

Consider adding an error boundary to your tree to customize error handling behavior.
Visit https://react.dev/link/error-boundaries to learn more about error boundaries.

[2m11:50:01 am[22m [36m[1m[vite][22m[39m [90m[2m(client)[22m[39m [32mhmr update [39m[2m/src/light-theme.css, /src/styles.css[22m
[2m11:50:04 am[22m [31m[1m[vite][22m[39m [31m[2m(client)[22m[39m [2m[console.error] [22museEffect must not return anything besides a function, which is used for clean-up.

It looks like you wrote useEffect(async () => ...) or returned a Promise. Instead, write the async function inside your effect and call it immediately:

useEffect(() => {
  async function fetchData() {
    // You can await here
    const response = await MyAPI.getData(someId);
    // ...
  }
  fetchData();
}, [someId]); // Or [] if effect doesn't need props or state

Learn more about data fetching with Hooks: https://react.dev/link/hooks-data-fetching
[2m11:50:04 am[22m [31m[1m[vite][22m[39m [31m[2m(client)[22m[39m [2m[console.error] [22mEach child in a list should have a unique "key" prop.

Check the render method of `div`. It was passed a child from Approvals. See https://react.dev/link/warning-keys for more information.
[2m11:55:34 am[22m [31m[1m[vite][22m[39m [31m[2m(client)[22m[39m [2m[console.error] [22museEffect must not return anything besides a function, which is used for clean-up.

It looks like you wrote useEffect(async () => ...) or returned a Promise. Instead, write the async function inside your effect and call it immediately:

useEffect(() => {
  async function fetchData() {
    // You can await here
    const response = await MyAPI.getData(someId);
    // ...
  }
  fetchData();
}, [someId]); // Or [] if effect doesn't need props or state

Learn more about data fetching with Hooks: https://react.dev/link/hooks-data-fetching
[2m11:55:34 am[22m [31m[1m[vite][22m[39m [31m[2m(client)[22m[39m [2m[console.error] [22mEach child in a list should have a unique "key" prop.

Check the render method of `div`. It was passed a child from Approvals. See https://react.dev/link/warning-keys for more information.
[2m11:57:45 am[22m [36m[1m[vite][22m[39m [90m[2m(client)[22m[39m [32mhmr update [39m[2m/src/styles.css[22m
[2m12:00:32 pm[22m [36m[1m[vite][22m[39m [90m[2m(client)[22m[39m [32mhmr update [39m[2m/src/enterprise.css, /src/styles.css[22m
[2m12:01:48 pm[22m [31m[1m[vite][22m[39m [31m[2m(client)[22m[39m [31m[Unhandled error] [1mTypeError[22m: destroy is not a function
[39m > Object.react_stack_bottom_frame node_modules/react-dom/cjs/react-dom-client.development.js:28668:12
 > runWithFiberInDEV node_modules/react-dom/cjs/react-dom-client.development.js:1045:29
 > commitHookEffectListUnmount node_modules/react-dom/cjs/react-dom-client.development.js:13815:16
 > commitHookPassiveUnmountEffects node_modules/react-dom/cjs/react-dom-client.development.js:13846:10
 > commitPassiveUnmountEffectsInsideOfDeletedTree_begin node_modules/react-dom/cjs/react-dom-client.development.js:17754:12
 > recursivelyTraversePassiveUnmountEffects node_modules/react-dom/cjs/react-dom-client.development.js:17575:12
 > commitPassiveUnmountOnFiber node_modules/react-dom/cjs/react-dom-client.development.js:17649:10
 > recursivelyTraversePassiveUnmountEffects node_modules/react-dom/cjs/react-dom-client.development.js:17595:10
 > commitPassiveUnmountOnFiber node_modules/react-dom/cjs/react-dom-client.development.js:17649:10
 > recursivelyTraversePassiveUnmountEffects node_modules/react-dom/cjs/react-dom-client.development.js:17595:10

[2m12:01:48 pm[22m [33m[1m[vite][22m[39m [33m[2m(client)[22m[39m [2m[console.warn] [22mAn error occurred in the <Approvals> component.

Consider adding an error boundary to your tree to customize error handling behavior.
Visit https://react.dev/link/error-boundaries to learn more about error boundaries.

[2m12:02:13 pm[22m [31m[1m[vite][22m[39m [31m[2m(client)[22m[39m [2m[console.error] [22mEach child in a list should have a unique "key" prop.

Check the render method of `section`. It was passed a child from Workbench. See https://react.dev/link/warning-keys for more information.
[2m12:06:31 pm[22m [36m[1m[vite][22m[39m [90m[2m(client)[22m[39m [32mpage reload [39m[2msrc/main.jsx[22m
[2m12:06:56 pm[22m [36m[1m[vite][22m[39m [90m[2m(client)[22m[39m [32mhmr update [39m[2m/src/enterprise.css, /src/styles.css[22m
[2m12:08:02 pm[22m [31m[1m[vite][22m[39m [31m[2m(client)[22m[39m [2m[console.error] [22mEach child in a list should have a unique "key" prop.

Check the render method of `AgentsPage`. See https://react.dev/link/warning-keys for more information.
[2m12:08:04 pm[22m [31m[1m[vite][22m[39m [31m[2m(client)[22m[39m [2m[console.error] [22mEach child in a list should have a unique "key" prop.

Check the render method of `TasksPage`. See https://react.dev/link/warning-keys for more information.
[2m12:08:05 pm[22m [31m[1m[vite][22m[39m [31m[2m(client)[22m[39m [2m[console.error] [22mEach child in a list should have a unique "key" prop.

Check the render method of `Fragment`. It was passed a child from EvidencePage. See https://react.dev/link/warning-keys for more information.
[2m12:08:07 pm[22m [31m[1m[vite][22m[39m [31m[2m(client)[22m[39m [2m[console.error] [22museEffect must not return anything besides a function, which is used for clean-up.

It looks like you wrote useEffect(async () => ...) or returned a Promise. Instead, write the async function inside your effect and call it immediately:

useEffect(() => {
  async function fetchData() {
    // You can await here
    const response = await MyAPI.getData(someId);
    // ...
  }
  fetchData();
}, [someId]); // Or [] if effect doesn't need props or state

Learn more about data fetching with Hooks: https://react.dev/link/hooks-data-fetching
[2m12:08:09 pm[22m [31m[1m[vite][22m[39m [31m[2m(client)[22m[39m [31m[Unhandled error] [1mTypeError[22m: destroy is not a function
[39m > Object.react_stack_bottom_frame node_modules/react-dom/cjs/react-dom-client.development.js:28668:12
 > runWithFiberInDEV node_modules/react-dom/cjs/react-dom-client.development.js:1045:29
 > commitHookEffectListUnmount node_modules/react-dom/cjs/react-dom-client.development.js:13815:16
 > commitHookPassiveUnmountEffects node_modules/react-dom/cjs/react-dom-client.development.js:13846:10
 > commitPassiveUnmountEffectsInsideOfDeletedTree_begin node_modules/react-dom/cjs/react-dom-client.development.js:17754:12
 > recursivelyTraversePassiveUnmountEffects node_modules/react-dom/cjs/react-dom-client.development.js:17575:12
 > commitPassiveUnmountOnFiber node_modules/react-dom/cjs/react-dom-client.development.js:17649:10
 > recursivelyTraversePassiveUnmountEffects node_modules/react-dom/cjs/react-dom-client.development.js:17595:10
 > commitPassiveUnmountOnFiber node_modules/react-dom/cjs/react-dom-client.development.js:17649:10
 > recursivelyTraversePassiveUnmountEffects node_modules/react-dom/cjs/react-dom-client.development.js:17595:10

[2m12:08:09 pm[22m [33m[1m[vite][22m[39m [33m[2m(client)[22m[39m [2m[console.warn] [22mAn error occurred in the <Approvals> component.

Consider adding an error boundary to your tree to customize error handling behavior.
Visit https://react.dev/link/error-boundaries to learn more about error boundaries.

[2m1:36:25 pm[22m [31m[1m[vite][22m[39m [31m[2m(client)[22m[39m [2m[console.error] [22mEach child in a list should have a unique "key" prop.

Check the render method of `section`. It was passed a child from Workbench. See https://react.dev/link/warning-keys for more information.
[2m3:01:24 pm[22m [36m[1m[vite][22m[39m [90m[2m(client)[22m[39m [32mhmr update [39m[2m/src/App.jsx, /src/styles.css[22m
[2m3:15:57 pm[22m [36m[1m[vite][22m[39m [90m[2m(client)[22m[39m [32mhmr update [39m[2m/src/light-theme.css, /src/styles.css[22m
